// Jest Snapshot v1, https://goo.gl/fbAQLP

exports[`should render the Button 1`] = `
<DocumentFragment>
  <button>
    click me
  </button>
</DocumentFragment>
`;
